[0;32m🔴 Starting CIS RHEL 9 data collection (USER MODE)...[0m
[1;33m💡 Run with 'sudo' for complete privileged data collection[0m
[0;34m📅 Timestamp: 20250727_233410[0m
[0;34m📁 Data directory: /home/mariem/cis_audit_tool/data[0m
[0;34m📝 Log file: /home/mariem/cis_audit_tool/data/collection_20250727_233410.log[0m
[0;34m📁 Creating data directory structure...[0m
[0;32m✅ Directory structure created[0m
[0;34m🖥️  Collecting system information...[0m
[0;32m✅ System information collected[0m
[0;34m🌐 Collecting network configuration...[0m
[0;32m✅ Network configuration collected[0m
[0;34m⚙️  Collecting services information...[0m
[0;32m✅ Services information collected[0m
[0;34m🔒 Collecting security configuration...[0m
[0;32m✅ Security configuration collected[0m
[0;34m📋 Collecting logging and auditing configuration...[0m
[0;32m✅ Logging and auditing configuration collected[0m
[0;34m💾 Collecting filesystem information...[0m
[0;32m✅ Filesystem information collected[0m
[0;34m🔧 Collecting kernel and boot configuration...[0m
[0;32m✅ Kernel and boot configuration collected[0m
[0;34m⏰ Collecting time synchronization information...[0m
[0;32m✅ Time synchronization information collected[0m
[0;32m🎉 Data collection completed successfully![0m
[0;34m📊 Data collected in: /home/mariem/cis_audit_tool/data[0m
[0;34m📝 Collection log: /home/mariem/cis_audit_tool/data/collection_20250727_233410.log[0m
[0;34m📦 Total size: 904K[0m
[1;33mNext steps:[0m
[1;33m 1. Review collected data in: /home/mariem/cis_audit_tool/data[0m
[1;33m 2. Run offline audit: python3 main.py --offline --data-dir /home/mariem/cis_audit_tool/data[0m
[1;33m 3. Check collection log: /home/mariem/cis_audit_tool/data/collection_20250727_233410.log[0m
[0;34m📋 Collection Summary:[0m
[0;34m ✅ System information and packages[0m
[0;34m ✅ Network configuration and services[0m
[0;34m ⚠️  Security configuration (limited - some files require root)[0m
[0;34m ⚠️  Logging and auditing configuration (limited - audit logs require root)[0m
[0;34m ✅ Filesystem information and permissions[0m
[0;34m ⚠️  Kernel and boot configuration (limited - some parameters require root)[0m
[0;34m ✅ Time synchronization settings[0m
[1;33m💡 For complete data collection, run: sudo ./collect_data.sh[0m
